b3bcb889-64c8-25d0-678a-4d9e6515b82c
13b40217-0378-6950-2ea9-cf3a21096677
883dc499-2096-77a5-3bff-391b51f5729d
cb0b51c4-5f78-7645-93eb-b50155f650ee
310df52f-afb0-df56-768c-39c30623f2b8
9c87a47d-3115-45ed-6ffc-0f2dbc22aa65
da7f1dc5-0cbb-817b-1aeb-fb94f156a9df
aad4a505-8135-6509-2af9-6a747248dabd
3dd11366-a4f4-19b8-9046-f21e6e0419ee
9aae1ea4-bee2-1461-9ad3-d1fa9371ad00